// Jest Snapshot v1, https://goo.gl/fbAQLP

exports[`tests for TutorsPage snapshots tests renders without crashing 1`] = `ShallowWrapper {}`;
