// Jest Snapshot v1, https://goo.gl/fbAQLP

exports[`tests for UserSettingsForm components WrappedUserSettingsForm tests snapshot tests renders without crashing 1`] = `ShallowWrapper {}`;
