// Jest Snapshot v1, https://goo.gl/fbAQLP

exports[`tests for UserSettings components ConnectedUserSettings tests snapshot tests renders without crashing 1`] = `ShallowWrapper {}`;
