// Jest Snapshot v1, https://goo.gl/fbAQLP

exports[`tests for CreateJobPosting snapshot tests renders without crashing 1`] = `ShallowWrapper {}`;
