// Jest Snapshot v1, https://goo.gl/fbAQLP

exports[`tests for EditJobListing components tests for ConnectedEditJobListing snapshot tests renders without crashing 1`] = `ReactWrapper {}`;
