// Jest Snapshot v1, https://goo.gl/fbAQLP

exports[`tests for JobWidget snapshot tests renders with jobs 1`] = `ShallowWrapper {}`;

exports[`tests for JobWidget snapshot tests renders without crashing 1`] = `ShallowWrapper {}`;
