// Jest Snapshot v1, https://goo.gl/fbAQLP

exports[`tests for ListJobs snapshot tests renders without crashing when props are passed 1`] = `ShallowWrapper {}`;

exports[`tests for ListJobs snapshot tests renders without crashing without props 1`] = `ShallowWrapper {}`;
