// Jest Snapshot v1, https://goo.gl/fbAQLP

exports[`tests for Main snapshot tests renders without crashing 1`] = `ShallowWrapper {}`;
