// Jest Snapshot v1, https://goo.gl/fbAQLP

exports[` 1`] = `ShallowWrapper {}`;

exports[`tests for Alumni snapshot tests renders without crashing 1`] = `ShallowWrapper {}`;
