// Jest Snapshot v1, https://goo.gl/fbAQLP

exports[`Testing App component Snapshot tests should render without crashing 1`] = `ShallowWrapper {}`;
