// Jest Snapshot v1, https://goo.gl/fbAQLP

exports[`tests for PostLoginApp snapshot tests renders without crashing 1`] = `ShallowWrapper {}`;
