// Jest Snapshot v1, https://goo.gl/fbAQLP

exports[`Testing PreLoginApp component should render without crashing. 1`] = `ShallowWrapper {}`;
